
> v2026-platform@0.1.0 build
> next build

Ôû▓ Next.js 16.1.6 (Turbopack)
- Environments: .env

node.exe : ÔÜá The "middleware" file convention is deprecated. 
Please use "proxy" instead. Learn more: 
https://nextjs.org/docs/messages/middleware-to-proxy
En línea: 1 Carácter: 1
+ & "C:\Program Files\nodejs/node.exe" "C:\Program 
Files\nodejs/node_mo ...
+ ~~~~~~~~~~~~~~~~~~~~~~~~~~~~~~~~~~~~~~~~~~~~~~~~~~~~~~~~~~~~~~~
~~~~~~
    + CategoryInfo          : NotSpecified: (ÔÜá The "middl    
e...leware-to-proxy:String) [], RemoteException
    + FullyQualifiedErrorId : NativeCommandError
 
  Creating an optimized production build ...
Ô£ô Compiled successfully in 14.9s
  Running TypeScript ...
  Collecting page data using 7 workers ...
  Generating static pages using 7 workers (0/33) ...
  Generating static pages using 7 workers (8/33) 
  Generating static pages using 7 workers (16/33) 
  Generating static pages using 7 workers (24/33) 
Ô£ô Generating static pages using 7 workers (33/33) in 1097.9ms
  Finalizing page optimization ...

Route (app)
Ôöî Ôùï /
Ôö£ Ôùï /_not-found
Ôö£ ãÆ /api/calendar/events
Ôö£ ãÆ /api/calendar/events/[eventId]
Ôö£ ãÆ /api/channels
Ôö£ ãÆ /api/channels/[id]
Ôö£ ãÆ /api/custom-fields
Ôö£ ãÆ /api/export/csv
Ôö£ ãÆ /api/mail/send
Ôö£ ãÆ /api/settings/ota
Ôö£ ãÆ /api/suppliers
Ôö£ ãÆ /api/suppliers/[id]
Ôö£ ãÆ /api/tours
Ôö£ ãÆ /api/tours/[id]
Ôö£ ãÆ /api/tours/[id]/changelog
Ôö£ ãÆ /api/tours/[id]/notes
Ôö£ ãÆ /api/tours/[id]/variants
Ôö£ ãÆ /api/tours/audit
Ôö£ ãÆ /api/tours/import/csv
Ôö£ ãÆ /api/tours/import/preview
Ôö£ ãÆ /api/upload
Ôö£ ãÆ /dashboard
Ôö£ ãÆ /dashboard/channels
Ôö£ ãÆ /dashboard/inventory
Ôö£ ãÆ /dashboard/suppliers
Ôö£ ãÆ /dashboard/users
Ôö£ Ôùï /dashboard/workspace
Ôö£ ãÆ /dashboard/workspace/calendar
Ôö£ ãÆ /dashboard/workspace/docs
Ôö£ ãÆ /dashboard/workspace/inbox
Ôö£ ãÆ /dashboard/workspace/mail
Ôö£ ãÆ /dashboard/workspace/okrs
Ôö£ ãÆ /dashboard/workspace/projects
Ôö£ ãÆ /dashboard/workspace/today
Ôö£ Ôùï /marketplace
Ôö£ Ôùï /pending-approval
Ôö£ Ôùï /platform
Ôöö ãÆ /thrive


ãÆ Proxy (Middleware)

Ôùï  (Static)   prerendered as static content
ãÆ  (Dynamic)  server-rendered on demand

